#
# There is insufficient memory for the Java Runtime Environment to continue.
# Native memory allocation (malloc) failed to allocate 1048576 bytes. Error detail: AllocateHeap
# Possible reasons:
#   The system is out of physical RAM or swap space
#   This process is running with CompressedOops enabled, and the Java Heap may be blocking the growth of the native heap
# Possible solutions:
#   Reduce memory load on the system
#   Increase physical memory or swap space
#   Check if swap backing store is full
#   Decrease Java heap size (-Xmx/-Xms)
#   Decrease number of Java threads
#   Decrease Java thread stack sizes (-Xss)
#   Set larger code cache with -XX:ReservedCodeCacheSize=
#   JVM is running with Zero Based Compressed Oops mode in which the Java heap is
#     placed in the first 32GB address space. The Java Heap base address is the
#     maximum limit for the native heap growth. Please use -XX:HeapBaseMinAddress
#     to set the Java Heap base and to place the Java Heap above 32GB virtual address.
# This output file may be truncated or incomplete.
#
#  Out of Memory Error (allocation.cpp:44), pid=10564, tid=9308
#
# JRE version: OpenJDK Runtime Environment Temurin-21.0.12.1+1 (21.0.12.1+1) (build 21.0.12.1+1-LTS)
# Java VM: OpenJDK 64-Bit Server VM Temurin-21.0.12.1+1 (21.0.12.1+1-LTS, mixed mode, sharing, tiered, compressed oops, compressed class ptrs, parallel gc, windows-amd64)
# No core dump will be written. Minidumps are not enabled by default on client versions of Windows
#

---------------  S U M M A R Y ------------

Command Line: --add-modules=ALL-SYSTEM --add-opens=java.base/java.util=ALL-UNNAMED --add-opens=java.base/java.lang=ALL-UNNAMED --add-opens=java.base/sun.nio.fs=ALL-UNNAMED -Declipse.application=org.eclipse.jdt.ls.core.id1 -Dosgi.bundles.defaultStartLevel=4 -Declipse.product=org.eclipse.jdt.ls.core.product -Djava.import.generatesMetadataFilesAtProjectRoot=false -Dm2e.project.cache.size=50 -DDetectVMInstallationsJob.disabled=true -Dfile.encoding=utf8 -XX:+UseParallelGC -XX:GCTimeRatio=4 -XX:AdaptiveSizePolicyWeight=90 -Dsun.zip.disableMemoryMapping=true -Xmx8G -Xms100m -Xlog:disable -javaagent:c:\Users\tjcom\.vscode\extensions\redhat.java-1.56.0-win32-x64\lombok\lombok-1.18.39-4050.jar -XX:+HeapDumpOnOutOfMemoryError -XX:HeapDumpPath=c:\Users\tjcom\AppData\Roaming\Code\User\workspaceStorage\32276870e593bfca8e1df767c3839aa5\redhat.java -Daether.dependencyCollector.impl=bf c:\Users\tjcom\.vscode\extensions\redhat.java-1.56.0-win32-x64\server\plugins\org.eclipse.equinox.launcher_1.8.0.v20260804-1928.jar -configuration c:\Users\tjcom\AppData\Roaming\Code\User\globalStorage\redhat.java\1.56.0\config_win -data c:\Users\tjcom\AppData\Roaming\Code\User\workspaceStorage\32276870e593bfca8e1df767c3839aa5\redhat.java\jdt_ws --pipe=\\.\pipe\lsp-0c10c7e522c30187aeefd85eab9e1adf-sock

Host: Intel(R) Celeron(R) N4020 CPU @ 1.10GHz, 2 cores, 3G,  Windows 11 , 64 bit Build 26100 (10.0.26100.9444)
Time: Sun Oct  4 12:49:08 2026 Hora oficial do Brasil elapsed time: 6906.340799 seconds (0d 1h 55m 6s)

---------------  T H R E A D  ---------------

Current thread (0x0000024f302852e0):  JavaThread "Attach Listener" daemon [_thread_in_vm, id=9308, stack(0x0000005e31d00000,0x0000005e31e00000) (1024K)]

Stack: [0x0000005e31d00000,0x0000005e31e00000]
Native frames: (J=compiled Java code, j=interpreted, Vv=VM code, C=native code)
V  [jvm.dll+0x6d83e9]
V  [jvm.dll+0x8b5736]
V  [jvm.dll+0x8b7cee]
V  [jvm.dll+0x8b83d3]
V  [jvm.dll+0x284596]
V  [jvm.dll+0xc13c7]
V  [jvm.dll+0x6d8c99]
V  [jvm.dll+0x133616]
V  [jvm.dll+0x3f8aae]
V  [jvm.dll+0x8600cd]
V  [jvm.dll+0x6d6c1d]
C  [ucrtbase.dll+0x2cd30]
C  [KERNEL32.DLL+0x2cd87]
C  [ntdll.dll+0xacaec]


---------------  P R O C E S S  ---------------

Threads class SMR info:
_java_thread_list=0x0000024f9d266fb0, length=29, elements={
0x0000024f3073dec0, 0x0000024f307fbb10, 0x0000024f307fe760, 0x0000024f30284680,
0x0000024f302852e0, 0x0000024f30287d50, 0x0000024f302887b0, 0x0000024f3028b600,
0x0000024f302f9f00, 0x0000024f55850e90, 0x0000024f5596d120, 0x0000024f9b233470,
0x0000024f9b21aad0, 0x0000024f9b465540, 0x0000024f9b4d0e80, 0x0000024f9b9adc60,
0x0000024f9b210810, 0x0000024f302c7730, 0x0000024f9b5ece10, 0x0000024f9b5ead40,
0x0000024f9b5ec780, 0x0000024f9c097f50, 0x0000024f9c098c70, 0x0000024f9c0985e0,
0x0000024f9c099300, 0x0000024f9c09b3d0, 0x0000024f9e3e63b0, 0x0000024f9e3e2f30,
0x0000024f9e3e7760
}

Java Threads: ( => current thread )
  0x0000024f3073dec0 JavaThread "main"                              [_thread_blocked, id=18816, stack(0x0000005e31600000,0x0000005e31700000) (1024K)]
  0x0000024f307fbb10 JavaThread "Reference Handler"          daemon [_thread_blocked, id=7440, stack(0x0000005e31a00000,0x0000005e31b00000) (1024K)]
  0x0000024f307fe760 JavaThread "Finalizer"                  daemon [_thread_blocked, id=2116, stack(0x0000005e31b00000,0x0000005e31c00000) (1024K)]
  0x0000024f30284680 JavaThread "Signal Dispatcher"          daemon [_thread_blocked, id=5664, stack(0x0000005e31c00000,0x0000005e31d00000) (1024K)]
=>0x0000024f302852e0 JavaThread "Attach Listener"            daemon [_thread_in_vm, id=9308, stack(0x0000005e31d00000,0x0000005e31e00000) (1024K)]
  0x0000024f30287d50 JavaThread "Service Thread"             daemon [_thread_blocked, id=8380, stack(0x0000005e31e00000,0x0000005e31f00000) (1024K)]
  0x0000024f302887b0 JavaThread "Monitor Deflation Thread"   daemon [_thread_blocked, id=7864, stack(0x0000005e31f00000,0x0000005e32000000) (1024K)]
  0x0000024f3028b600 JavaThread "C2 CompilerThread0"         daemon [_thread_blocked, id=4608, stack(0x0000005e32000000,0x0000005e32100000) (1024K)]
  0x0000024f302f9f00 JavaThread "C1 CompilerThread0"         daemon [_thread_blocked, id=8308, stack(0x0000005e32100000,0x0000005e32200000) (1024K)]
  0x0000024f55850e90 JavaThread "Common-Cleaner"             daemon [_thread_blocked, id=19304, stack(0x0000005e32200000,0x0000005e32300000) (1024K)]
  0x0000024f5596d120 JavaThread "Notification Thread"        daemon [_thread_blocked, id=14384, stack(0x0000005e32300000,0x0000005e32400000) (1024K)]
  0x0000024f9b233470 JavaThread "Active Thread: Equinox Container: bf00b895-84b8-4ede-a85d-9329c73d4eb3"        [_thread_blocked, id=16408, stack(0x0000005e32500000,0x0000005e32600000) (1024K)]
  0x0000024f9b21aad0 JavaThread "Refresh Thread: Equinox Container: bf00b895-84b8-4ede-a85d-9329c73d4eb3" daemon [_thread_blocked, id=14656, stack(0x0000005e32600000,0x0000005e32700000) (1024K)]
  0x0000024f9b465540 JavaThread "Framework Event Dispatcher: Equinox Container: bf00b895-84b8-4ede-a85d-9329c73d4eb3" daemon [_thread_blocked, id=4072, stack(0x0000005e32700000,0x0000005e32800000) (1024K)]
  0x0000024f9b4d0e80 JavaThread "Start Level: Equinox Container: bf00b895-84b8-4ede-a85d-9329c73d4eb3" daemon [_thread_blocked, id=1336, stack(0x0000005e32800000,0x0000005e32900000) (1024K)]
  0x0000024f9b9adc60 JavaThread "Bundle File Closer"         daemon [_thread_blocked, id=4628, stack(0x0000005e32900000,0x0000005e32a00000) (1024K)]
  0x0000024f9b210810 JavaThread "SCR Component Actor"        daemon [_thread_blocked, id=7496, stack(0x0000005e32a00000,0x0000005e32b00000) (1024K)]
  0x0000024f302c7730 JavaThread "Worker-JM"                         [_thread_blocked, id=16964, stack(0x0000005e32b00000,0x0000005e32c00000) (1024K)]
  0x0000024f9b5ece10 JavaThread "JNA Cleaner"                daemon [_thread_blocked, id=11576, stack(0x0000005e32c00000,0x0000005e32d00000) (1024K)]
  0x0000024f9b5ead40 JavaThread "Java indexing"              daemon [_thread_blocked, id=12904, stack(0x0000005e31400000,0x0000005e31500000) (1024K)]
  0x0000024f9b5ec780 JavaThread "Thread-1"                   daemon [_thread_in_native, id=12020, stack(0x0000005e33400000,0x0000005e33500000) (1024K)]
  0x0000024f9c097f50 JavaThread "Thread-2"                   daemon [_thread_in_native, id=20240, stack(0x0000005e33500000,0x0000005e33600000) (1024K)]
  0x0000024f9c098c70 JavaThread "Thread-3"                   daemon [_thread_in_native, id=8672, stack(0x0000005e33600000,0x0000005e33700000) (1024K)]
  0x0000024f9c0985e0 JavaThread "pool-2-thread-1"                   [_thread_blocked, id=9388, stack(0x0000005e33700000,0x0000005e33800000) (1024K)]
  0x0000024f9c099300 JavaThread "WorkspaceEventsHandler"            [_thread_blocked, id=8932, stack(0x0000005e33800000,0x0000005e33900000) (1024K)]
  0x0000024f9c09b3d0 JavaThread "pool-1-thread-1"                   [_thread_blocked, id=13520, stack(0x0000005e33900000,0x0000005e33a00000) (1024K)]
  0x0000024f9e3e63b0 JavaThread "Worker-8: Validate documents"        [_thread_in_native, id=8744, stack(0x0000005e33000000,0x0000005e33100000) (1024K)]
  0x0000024f9e3e2f30 JavaThread "Worker-10"                         [_thread_blocked, id=11536, stack(0x0000005e31500000,0x0000005e31600000) (1024K)]
  0x0000024f9e3e7760 JavaThread "Thread-122"                        [_thread_blocked, id=18824, stack(0x0000005e32d00000,0x0000005e32e00000) (1024K)]
Total: 29

Other Threads:
  0x0000024f3027dad0 VMThread "VM Thread"                           [id=860, stack(0x0000005e31900000,0x0000005e31a00000) (1024K)] _threads_hazard_ptr=0x0000024f9d266fb0
  0x0000024f3025cb00 WatcherThread "VM Periodic Task Thread"        [id=15660, stack(0x0000005e31800000,0x0000005e31900000) (1024K)]
  0x0000024f3075c4d0 WorkerThread "GC Thread#0"                     [id=6904, stack(0x0000005e31700000,0x0000005e31800000) (1024K)]
  0x0000024f9b02ab20 WorkerThread "GC Thread#1"                     [id=11468, stack(0x0000005e32400000,0x0000005e32500000) (1024K)]
Total: 4

Threads with active compile tasks:
Total: 0

VM state: synchronizing (normal execution)

VM Mutex/Monitor currently owned by a thread:  ([mutex/lock_event])
[0x00007fff0dd3f5b0] Threads_lock - owner thread: 0x0000024f3027dad0

OutOfMemory and StackOverflow Exception counts:
OutOfMemoryError java_heap_errors=3
LinkageErrors=150

Heap address: 0x0000000600000000, size: 8192 MB, Compressed Oops mode: Zero based, Oop shift amount: 3

CDS archive(s) mapped at: [0x0000024f56000000-0x0000024f56ba0000-0x0000024f56ba0000), size 12189696, SharedBaseAddress: 0x0000024f56000000, ArchiveRelocationMode: 1.
Compressed class space mapped at: 0x0000024f57000000-0x0000024f97000000, reserved size: 1073741824
Narrow klass base: 0x0000024f56000000, Narrow klass shift: 0, Narrow klass range: 0x100000000

GC Precious Log:
 CardTable entry size: 512
 CPUs: 2 total, 2 available
 Memory: 3918M
 Large Page Support: Disabled
 NUMA Support: Disabled
 Compressed Oops: Enabled (Zero based)
 Alignments: Space 512K, Generation 512K, Heap 2M
 Heap Min Capacity: 100M
 Heap Initial Capacity: 100M
 Heap Max Capacity: 8G
 Pre-touch: Disabled
 Parallel Workers: 2

Heap:
 PSYoungGen      total 7168K, used 4801K [0x0000000755580000, 0x0000000755d00000, 0x0000000800000000)
  eden space 6656K, 72% used [0x0000000755580000,0x0000000755a305b0,0x0000000755c00000)
  from space 512K, 0% used [0x0000000755c00000,0x0000000755c00000,0x0000000755c80000)
  to   space 512K, 0% used [0x0000000755c80000,0x0000000755c80000,0x0000000755d00000)
 ParOldGen       total 206848K, used 68532K [0x0000000600000000, 0x000000060ca00000, 0x0000000755580000)
  object space 206848K, 33% used [0x0000000600000000,0x00000006042ed158,0x000000060ca00000)
 Metaspace       used 69624K, committed 71168K, reserved 1114112K
  class space    used 7059K, committed 7808K, reserved 1048576K

Card table byte_map: [0x0000024f42940000,0x0000024f43950000] _byte_map_base: 0x0000024f3f940000

Marking Bits: (ParMarkBitMap*) 0x00007fff0dd444a0
 Begin Bits: [0x0000024f44400000, 0x0000024f4c400000)
 End Bits:   [0x0000024f4c400000, 0x0000024f54400000)

Polling page: 0x0000024f2e5d0000

Metaspace:

Usage:
  Non-class:     61.10 MB used.
      Class:      6.89 MB used.
       Both:     67.99 MB used.

Virtual space:
  Non-class space:       64.00 MB reserved,      61.88 MB ( 97%) committed,  1 nodes.
      Class space:        1.00 GB reserved,       7.62 MB ( <1%) committed,  1 nodes.
             Both:        1.06 GB reserved,      69.50 MB (  6%) committed. 

Chunk freelists:
   Non-Class:  2.24 MB
       Class:  8.55 MB
        Both:  10.79 MB

MaxMetaspaceSize: unlimited
CompressedClassSpaceSize: 1.00 GB
Initial GC threshold: 21.00 MB
Current GC threshold: 115.88 MB
CDS: on
 - commit_granule_bytes: 65536.
 - commit_granule_words: 8192.
 - virtual_space_node_default_size: 8388608.
 - enlarge_chunks_in_place: 1.
 - use_allocation_guard: 0.


Internal statistics:

num_allocs_failed_limit: 9.
num_arena_births: 1592.
num_arena_deaths: 688.
num_vsnodes_births: 2.
num_vsnodes_deaths: 0.
num_space_committed: 1112.
num_space_uncommitted: 0.
num_chunks_returned_to_freelist: 890.
num_chunks_taken_from_freelist: 5190.
num_chunk_merges: 215.
num_chunk_splits: 2917.
num_chunks_enlarged: 1607.
num_inconsistent_stats: 0.

CodeHeap 'non-profiled nmethods': size=120064Kb used=5829Kb max_used=10172Kb free=114234Kb
 bounds [0x0000024f3b400000, 0x0000024f3bdf0000, 0x0000024f42940000]
CodeHeap 'profiled nmethods': size=120000Kb used=13635Kb max_used=30871Kb free=106364Kb
 bounds [0x0000024f33940000, 0x0000024f35770000, 0x0000024f3ae70000]
CodeHeap 'non-nmethods': size=5696Kb used=1459Kb max_used=1525Kb free=4236Kb
 bounds [0x0000024f3ae70000, 0x0000024f3b0e0000, 0x0000024f3b400000]
CodeCache: size=245760Kb, used=20923Kb, max_used=42568Kb, free=224834Kb
 total_blobs=7089, nmethods=6314, adapters=677, full_count=0
Compilation: enabled, stopped_count=0, restarted_count=0

Compilation events (20 events):
Event: 6843.310 Thread 0x0000024f302f9f00 15105       3       org.eclipse.core.internal.events.NotificationManager$1::run (45 bytes)
Event: 6843.310 Thread 0x0000024f302f9f00 nmethod 15105 0x0000024f33a61f90 code [0x0000024f33a621a0, 0x0000024f33a62600]
Event: 6843.313 Thread 0x0000024f302f9f00 15106   !   3       org.eclipse.jdt.internal.core.DeltaProcessor::checkProjectsAndClasspathChanges (1046 bytes)
Event: 6843.326 Thread 0x0000024f302f9f00 nmethod 15106 0x0000024f34b32090 code [0x0000024f34b32de0, 0x0000024f34b3b308]
Event: 6847.235 Thread 0x0000024f302f9f00 15107       3       com.google.gson.internal.Primitives::isPrimitive (23 bytes)
Event: 6847.236 Thread 0x0000024f302f9f00 nmethod 15107 0x0000024f33acd190 code [0x0000024f33acd340, 0x0000024f33acd6c0]
Event: 6847.285 Thread 0x0000024f302f9f00 15108       1       org.eclipse.lsp4j.jsonrpc.messages.ResponseMessage::setResult (6 bytes)
Event: 6847.285 Thread 0x0000024f302f9f00 nmethod 15108 0x0000024f3b421410 code [0x0000024f3b4215a0, 0x0000024f3b421688]
Event: 6883.231 Thread 0x0000024f302f9f00 15109       1       org.eclipse.core.internal.resources.WorkspaceRoot::getProject (2 bytes)
Event: 6883.232 Thread 0x0000024f302f9f00 nmethod 15109 0x0000024f3b423890 code [0x0000024f3b423a20, 0x0000024f3b423af0]
Event: 6883.408 Thread 0x0000024f302f9f00 15110       3       org.eclipse.lsp4j.jsonrpc.CompletableFutures$FutureCancelChecker::checkCanceled (19 bytes)
Event: 6883.410 Thread 0x0000024f302f9f00 nmethod 15110 0x0000024f34673390 code [0x0000024f34673560, 0x0000024f34673b90]
Event: 6883.410 Thread 0x0000024f302f9f00 15111       3       java.util.concurrent.CompletableFuture::isCancelled (31 bytes)
Event: 6883.410 Thread 0x0000024f302f9f00 nmethod 15111 0x0000024f33a93710 code [0x0000024f33a938c0, 0x0000024f33a93d38]
Event: 6883.495 Thread 0x0000024f302f9f00 15112       3       org.eclipse.jdt.internal.core.JavaProject::getOwnModuleDescription (115 bytes)
Event: 6883.503 Thread 0x0000024f302f9f00 nmethod 15112 0x0000024f34aabb10 code [0x0000024f34aabf60, 0x0000024f34aae098]
Event: 6897.071 Thread 0x0000024f302f9f00 15113       1       org.eclipse.lsp4j.TextDocumentIdentifier::getUri (5 bytes)
Event: 6897.071 Thread 0x0000024f302f9f00 nmethod 15113 0x0000024f3b427990 code [0x0000024f3b427b20, 0x0000024f3b427bf0]
Event: 6905.798 Thread 0x0000024f302f9f00 15114       3       org.eclipse.jdt.internal.core.JavaElement::equals (57 bytes)
Event: 6905.800 Thread 0x0000024f302f9f00 nmethod 15114 0x0000024f33a6e610 code [0x0000024f33a6e820, 0x0000024f33a6ef80]

GC Heap History (20 events):
Event: 5902.847 GC heap before
{Heap before GC invocations=337 (full 7):
 PSYoungGen      total 7168K, used 7166K [0x0000000755580000, 0x0000000756100000, 0x0000000800000000)
  eden space 4608K, 100% used [0x0000000755580000,0x0000000755a00000,0x0000000755a00000)
  from space 2560K, 99% used [0x0000000755a80000,0x0000000755cffb70,0x0000000755d00000)
  to   space 3072K, 0% used [0x0000000755e00000,0x0000000755e00000,0x0000000756100000)
 ParOldGen       total 162816K, used 99281K [0x0000000600000000, 0x0000000609f00000, 0x0000000755580000)
  object space 162816K, 60% used [0x0000000600000000,0x00000006060f4468,0x0000000609f00000)
 Metaspace       used 69629K, committed 71104K, reserved 1114112K
  class space    used 7076K, committed 7808K, reserved 1048576K
}
Event: 5902.886 GC heap after
{Heap after GC invocations=337 (full 7):
 PSYoungGen      total 7168K, used 1786K [0x0000000755580000, 0x0000000756000000, 0x0000000800000000)
  eden space 5120K, 0% used [0x0000000755580000,0x0000000755580000,0x0000000755a80000)
  from space 2048K, 87% used [0x0000000755e00000,0x0000000755fbe960,0x0000000756000000)
  to   space 2560K, 0% used [0x0000000755b00000,0x0000000755b00000,0x0000000755d80000)
 ParOldGen       total 162816K, used 99289K [0x0000000600000000, 0x0000000609f00000, 0x0000000755580000)
  object space 162816K, 60% used [0x0000000600000000,0x00000006060f6468,0x0000000609f00000)
 Metaspace       used 69629K, committed 71104K, reserved 1114112K
  class space    used 7076K, committed 7808K, reserved 1048576K
}
Event: 6834.009 GC heap before
{Heap before GC invocations=338 (full 7):
 PSYoungGen      total 7168K, used 6900K [0x0000000755580000, 0x0000000756000000, 0x0000000800000000)
  eden space 5120K, 99% used [0x0000000755580000,0x0000000755a7ea38,0x0000000755a80000)
  from space 2048K, 87% used [0x0000000755e00000,0x0000000755fbe960,0x0000000756000000)
  to   space 2560K, 0% used [0x0000000755b00000,0x0000000755b00000,0x0000000755d80000)
 ParOldGen       total 162816K, used 99289K [0x0000000600000000, 0x0000000609f00000, 0x0000000755580000)
  object space 162816K, 60% used [0x0000000600000000,0x00000006060f6468,0x0000000609f00000)
 Metaspace       used 69664K, committed 71168K, reserved 1114112K
  class space    used 7079K, committed 7808K, reserved 1048576K
}
Event: 6834.105 GC heap after
{Heap after GC invocations=338 (full 7):
 PSYoungGen      total 7680K, used 1780K [0x0000000755580000, 0x0000000755f00000, 0x0000000800000000)
  eden space 5632K, 0% used [0x0000000755580000,0x0000000755580000,0x0000000755b00000)
  from space 2048K, 86% used [0x0000000755b00000,0x0000000755cbd240,0x0000000755d00000)
  to   space 2048K, 0% used [0x0000000755d00000,0x0000000755d00000,0x0000000755f00000)
 ParOldGen       total 162816K, used 99345K [0x0000000600000000, 0x0000000609f00000, 0x0000000755580000)
  object space 162816K, 61% used [0x0000000600000000,0x0000000606104468,0x0000000609f00000)
 Metaspace       used 69664K, committed 71168K, reserved 1114112K
  class space    used 7079K, committed 7808K, reserved 1048576K
}
Event: 6835.504 GC heap before
{Heap before GC invocations=339 (full 7):
 PSYoungGen      total 7680K, used 6622K [0x0000000755580000, 0x0000000755f00000, 0x0000000800000000)
  eden space 5632K, 85% used [0x0000000755580000,0x0000000755a3a968,0x0000000755b00000)
  from space 2048K, 86% used [0x0000000755b00000,0x0000000755cbd240,0x0000000755d00000)
  to   space 2048K, 0% used [0x0000000755d00000,0x0000000755d00000,0x0000000755f00000)
 ParOldGen       total 162816K, used 99345K [0x0000000600000000, 0x0000000609f00000, 0x0000000755580000)
  object space 162816K, 61% used [0x0000000600000000,0x0000000606104468,0x0000000609f00000)
 Metaspace       used 69671K, committed 71168K, reserved 1114112K
  class space    used 7080K, committed 7808K, reserved 1048576K
}
Event: 6835.536 GC heap after
{Heap after GC invocations=339 (full 7):
 PSYoungGen      total 5632K, used 2027K [0x0000000755580000, 0x0000000756380000, 0x0000000800000000)
  eden space 3584K, 0% used [0x0000000755580000,0x0000000755580000,0x0000000755900000)
  from space 2048K, 98% used [0x0000000755d00000,0x0000000755efac08,0x0000000755f00000)
  to   space 4096K, 0% used [0x0000000755900000,0x0000000755900000,0x0000000755d00000)
 ParOldGen       total 162816K, used 100776K [0x0000000600000000, 0x0000000609f00000, 0x0000000755580000)
  object space 162816K, 61% used [0x0000000600000000,0x000000060626a158,0x0000000609f00000)
 Metaspace       used 69671K, committed 71168K, reserved 1114112K
  class space    used 7080K, committed 7808K, reserved 1048576K
}
Event: 6837.507 GC heap before
{Heap before GC invocations=340 (full 7):
 PSYoungGen      total 5632K, used 5598K [0x0000000755580000, 0x0000000756380000, 0x0000000800000000)
  eden space 3584K, 99% used [0x0000000755580000,0x00000007558fccd8,0x0000000755900000)
  from space 2048K, 98% used [0x0000000755d00000,0x0000000755efac08,0x0000000755f00000)
  to   space 4096K, 0% used [0x0000000755900000,0x0000000755900000,0x0000000755d00000)
 ParOldGen       total 162816K, used 104196K [0x0000000600000000, 0x0000000609f00000, 0x0000000755580000)
  object space 162816K, 63% used [0x0000000600000000,0x00000006065c12f0,0x0000000609f00000)
 Metaspace       used 69674K, committed 71168K, reserved 1114112K
  class space    used 7080K, committed 7808K, reserved 1048576K
}
Event: 6837.518 GC heap after
{Heap after GC invocations=340 (full 7):
 PSYoungGen      total 7680K, used 4085K [0x0000000755580000, 0x0000000756580000, 0x0000000800000000)
  eden space 3584K, 0% used [0x0000000755580000,0x0000000755580000,0x0000000755900000)
  from space 4096K, 99% used [0x0000000755900000,0x0000000755cfd740,0x0000000755d00000)
  to   space 6144K, 0% used [0x0000000755f80000,0x0000000755f80000,0x0000000756580000)
 ParOldGen       total 162816K, used 105614K [0x0000000600000000, 0x0000000609f00000, 0x0000000755580000)
  object space 162816K, 64% used [0x0000000600000000,0x0000000606723a68,0x0000000609f00000)
 Metaspace       used 69674K, committed 71168K, reserved 1114112K
  class space    used 7080K, committed 7808K, reserved 1048576K
}
Event: 6837.612 GC heap before
{Heap before GC invocations=341 (full 7):
 PSYoungGen      total 7680K, used 7669K [0x0000000755580000, 0x0000000756580000, 0x0000000800000000)
  eden space 3584K, 99% used [0x0000000755580000,0x00000007558fffa8,0x0000000755900000)
  from space 4096K, 99% used [0x0000000755900000,0x0000000755cfd740,0x0000000755d00000)
  to   space 6144K, 0% used [0x0000000755f80000,0x0000000755f80000,0x0000000756580000)
 ParOldGen       total 162816K, used 105614K [0x0000000600000000, 0x0000000609f00000, 0x0000000755580000)
  object space 162816K, 64% used [0x0000000600000000,0x0000000606723a68,0x0000000609f00000)
 Metaspace       used 69676K, committed 71168K, reserved 1114112K
  class space    used 7080K, committed 7808K, reserved 1048576K
}
Event: 6837.623 GC heap after
{Heap after GC invocations=341 (full 7):
 PSYoungGen      total 9728K, used 5251K [0x0000000755580000, 0x0000000756500000, 0x0000000800000000)
  eden space 4096K, 0% used [0x0000000755580000,0x0000000755580000,0x0000000755980000)
  from space 5632K, 93% used [0x0000000755f80000,0x00000007564a0cc8,0x0000000756500000)
  to   space 5632K, 0% used [0x0000000755a00000,0x0000000755a00000,0x0000000755f80000)
 ParOldGen       total 162816K, used 105765K [0x0000000600000000, 0x0000000609f00000, 0x0000000755580000)
  object space 162816K, 64% used [0x0000000600000000,0x0000000606749510,0x0000000609f00000)
 Metaspace       used 69676K, committed 71168K, reserved 1114112K
  class space    used 7080K, committed 7808K, reserved 1048576K
}
Event: 6838.839 GC heap before
{Heap before GC invocations=342 (full 7):
 PSYoungGen      total 9728K, used 8941K [0x0000000755580000, 0x0000000756500000, 0x0000000800000000)
  eden space 4096K, 90% used [0x0000000755580000,0x000000075591a9a0,0x0000000755980000)
  from space 5632K, 93% used [0x0000000755f80000,0x00000007564a0cc8,0x0000000756500000)
  to   space 5632K, 0% used [0x0000000755a00000,0x0000000755a00000,0x0000000755f80000)
 ParOldGen       total 162816K, used 105765K [0x0000000600000000, 0x0000000609f00000, 0x0000000755580000)
  object space 162816K, 64% used [0x0000000600000000,0x0000000606749510,0x0000000609f00000)
 Metaspace       used 69697K, committed 71168K, reserved 1114112K
  class space    used 7080K, committed 7808K, reserved 1048576K
}
Event: 6838.850 GC heap after
{Heap after GC invocations=342 (full 7):
 PSYoungGen      total 5632K, used 896K [0x0000000755580000, 0x0000000756000000, 0x0000000800000000)
  eden space 4608K, 0% used [0x0000000755580000,0x0000000755580000,0x0000000755a00000)
  from space 1024K, 87% used [0x0000000755a00000,0x0000000755ae0020,0x0000000755b00000)
  to   space 2560K, 0% used [0x0000000755d80000,0x0000000755d80000,0x0000000756000000)
 ParOldGen       total 162816K, used 105765K [0x0000000600000000, 0x0000000609f00000, 0x0000000755580000)
  object space 162816K, 64% used [0x0000000600000000,0x0000000606749510,0x0000000609f00000)
 Metaspace       used 69697K, committed 71168K, reserved 1114112K
  class space    used 7080K, committed 7808K, reserved 1048576K
}
Event: 6838.850 GC heap before
{Heap before GC invocations=343 (full 7):
 PSYoungGen      total 5632K, used 896K [0x0000000755580000, 0x0000000756000000, 0x0000000800000000)
  eden space 4608K, 0% used [0x0000000755580000,0x0000000755580000,0x0000000755a00000)
  from space 1024K, 87% used [0x0000000755a00000,0x0000000755ae0020,0x0000000755b00000)
  to   space 2560K, 0% used [0x0000000755d80000,0x0000000755d80000,0x0000000756000000)
 ParOldGen       total 162816K, used 105765K [0x0000000600000000, 0x0000000609f00000, 0x0000000755580000)
  object space 162816K, 64% used [0x0000000600000000,0x0000000606749510,0x0000000609f00000)
 Metaspace       used 69697K, committed 71168K, reserved 1114112K
  class space    used 7080K, committed 7808K, reserved 1048576K
}
Event: 6838.855 GC heap after
{Heap after GC invocations=343 (full 7):
 PSYoungGen      total 6144K, used 896K [0x0000000755580000, 0x0000000755e80000, 0x0000000800000000)
  eden space 5120K, 0% used [0x0000000755580000,0x0000000755580000,0x0000000755a80000)
  from space 1024K, 87% used [0x0000000755d80000,0x0000000755e60020,0x0000000755e80000)
  to   space 1536K, 0% used [0x0000000755b80000,0x0000000755b80000,0x0000000755d00000)
 ParOldGen       total 162816K, used 105765K [0x0000000600000000, 0x0000000609f00000, 0x0000000755580000)
  object space 162816K, 64% used [0x0000000600000000,0x0000000606749510,0x0000000609f00000)
 Metaspace       used 69697K, committed 71168K, reserved 1114112K
  class space    used 7080K, committed 7808K, reserved 1048576K
}
Event: 6838.855 GC heap before
{Heap before GC invocations=344 (full 8):
 PSYoungGen      total 6144K, used 896K [0x0000000755580000, 0x0000000755e80000, 0x0000000800000000)
  eden space 5120K, 0% used [0x0000000755580000,0x0000000755580000,0x0000000755a80000)
  from space 1024K, 87% used [0x0000000755d80000,0x0000000755e60020,0x0000000755e80000)
  to   space 1536K, 0% used [0x0000000755b80000,0x0000000755b80000,0x0000000755d00000)
 ParOldGen       total 162816K, used 105765K [0x0000000600000000, 0x0000000609f00000, 0x0000000755580000)
  object space 162816K, 64% used [0x0000000600000000,0x0000000606749510,0x0000000609f00000)
 Metaspace       used 69697K, committed 71168K, reserved 1114112K
  class space    used 7080K, committed 7808K, reserved 1048576K
}
Event: 6839.577 GC heap after
{Heap after GC invocations=344 (full 8):
 PSYoungGen      total 6144K, used 0K [0x0000000755580000, 0x0000000755e00000, 0x0000000800000000)
  eden space 5632K, 0% used [0x0000000755580000,0x0000000755580000,0x0000000755b00000)
  from space 512K, 0% used [0x0000000755b80000,0x0000000755b80000,0x0000000755c00000)
  to   space 1536K, 0% used [0x0000000755c80000,0x0000000755c80000,0x0000000755e00000)
 ParOldGen       total 175616K, used 69643K [0x0000000600000000, 0x000000060ab80000, 0x0000000755580000)
  object space 175616K, 39% used [0x0000000600000000,0x0000000604402f90,0x000000060ab80000)
 Metaspace       used 69697K, committed 71168K, reserved 1114112K
  class space    used 7080K, committed 7808K, reserved 1048576K
}
Event: 6839.607 GC heap before
{Heap before GC invocations=345 (full 8):
 PSYoungGen      total 6144K, used 0K [0x0000000755580000, 0x0000000755e00000, 0x0000000800000000)
  eden space 5632K, 0% used [0x0000000755580000,0x0000000755580000,0x0000000755b00000)
  from space 512K, 0% used [0x0000000755b80000,0x0000000755b80000,0x0000000755c00000)
  to   space 1536K, 0% used [0x0000000755c80000,0x0000000755c80000,0x0000000755e00000)
 ParOldGen       total 175616K, used 69643K [0x0000000600000000, 0x000000060ab80000, 0x0000000755580000)
  object space 175616K, 39% used [0x0000000600000000,0x0000000604402f90,0x000000060ab80000)
 Metaspace       used 69697K, committed 71168K, reserved 1114112K
  class space    used 7080K, committed 7808K, reserved 1048576K
}
Event: 6839.608 GC heap after
{Heap after GC invocations=345 (full 8):
 PSYoungGen      total 6656K, used 0K [0x0000000755580000, 0x0000000755d00000, 0x0000000800000000)
  eden space 6144K, 0% used [0x0000000755580000,0x0000000755580000,0x0000000755b80000)
  from space 512K, 0% used [0x0000000755c80000,0x0000000755c80000,0x0000000755d00000)
  to   space 512K, 0% used [0x0000000755c00000,0x0000000755c00000,0x0000000755c80000)
 ParOldGen       total 175616K, used 69643K [0x0000000600000000, 0x000000060ab80000, 0x0000000755580000)
  object space 175616K, 39% used [0x0000000600000000,0x0000000604402f90,0x000000060ab80000)
 Metaspace       used 69697K, committed 71168K, reserved 1114112K
  class space    used 7080K, committed 7808K, reserved 1048576K
}
Event: 6839.608 GC heap before
{Heap before GC invocations=346 (full 9):
 PSYoungGen      total 6656K, used 0K [0x0000000755580000, 0x0000000755d00000, 0x0000000800000000)
  eden space 6144K, 0% used [0x0000000755580000,0x0000000755580000,0x0000000755b80000)
  from space 512K, 0% used [0x0000000755c80000,0x0000000755c80000,0x0000000755d00000)
  to   space 512K, 0% used [0x0000000755c00000,0x0000000755c00000,0x0000000755c80000)
 ParOldGen       total 175616K, used 69643K [0x0000000600000000, 0x000000060ab80000, 0x0000000755580000)
  object space 175616K, 39% used [0x0000000600000000,0x0000000604402f90,0x000000060ab80000)
 Metaspace       used 69697K, committed 71168K, reserved 1114112K
  class space    used 7080K, committed 7808K, reserved 1048576K
}
Event: 6840.523 GC heap after
{Heap after GC invocations=346 (full 9):
 PSYoungGen      total 7168K, used 0K [0x0000000755580000, 0x0000000755d00000, 0x0000000800000000)
  eden space 6656K, 0% used [0x0000000755580000,0x0000000755580000,0x0000000755c00000)
  from space 512K, 0% used [0x0000000755c00000,0x0000000755c00000,0x0000000755c80000)
  to   space 512K, 0% used [0x0000000755c80000,0x0000000755c80000,0x0000000755d00000)
 ParOldGen       total 206848K, used 68532K [0x0000000600000000, 0x000000060ca00000, 0x0000000755580000)
  object space 206848K, 33% used [0x0000000600000000,0x00000006042ed158,0x000000060ca00000)
 Metaspace       used 69566K, committed 71168K, reserved 1114112K
  class space    used 7055K, committed 7808K, reserved 1048576K
}

Dll operation events (20 events):
Event: 0.031 Attempting to load shared library c:\Users\tjcom\.vscode\extensions\redhat.java-1.56.0-win32-x64\jre\21.0.12.1-win32-x86_64\bin\java.dll
Event: 0.031 Loaded shared library c:\Users\tjcom\.vscode\extensions\redhat.java-1.56.0-win32-x64\jre\21.0.12.1-win32-x86_64\bin\java.dll
Event: 1.064 Attempting to load shared library c:\Users\tjcom\.vscode\extensions\redhat.java-1.56.0-win32-x64\jre\21.0.12.1-win32-x86_64\bin\zip.dll
Event: 1.065 Loaded shared library c:\Users\tjcom\.vscode\extensions\redhat.java-1.56.0-win32-x64\jre\21.0.12.1-win32-x86_64\bin\zip.dll
Event: 1.669 Attempting to load shared library C:\Users\tjcom\.vscode\extensions\redhat.java-1.56.0-win32-x64\jre\21.0.12.1-win32-x86_64\bin\instrument.dll
Event: 1.669 Loaded shared library C:\Users\tjcom\.vscode\extensions\redhat.java-1.56.0-win32-x64\jre\21.0.12.1-win32-x86_64\bin\instrument.dll
Event: 1.689 Attempting to load shared library C:\Users\tjcom\.vscode\extensions\redhat.java-1.56.0-win32-x64\jre\21.0.12.1-win32-x86_64\bin\net.dll
Event: 1.692 Loaded shared library C:\Users\tjcom\.vscode\extensions\redhat.java-1.56.0-win32-x64\jre\21.0.12.1-win32-x86_64\bin\net.dll
Event: 1.699 Attempting to load shared library C:\Users\tjcom\.vscode\extensions\redhat.java-1.56.0-win32-x64\jre\21.0.12.1-win32-x86_64\bin\nio.dll
Event: 1.700 Loaded shared library C:\Users\tjcom\.vscode\extensions\redhat.java-1.56.0-win32-x64\jre\21.0.12.1-win32-x86_64\bin\nio.dll
Event: 1.711 Attempting to load shared library C:\Users\tjcom\.vscode\extensions\redhat.java-1.56.0-win32-x64\jre\21.0.12.1-win32-x86_64\bin\zip.dll
Event: 1.711 Loaded shared library C:\Users\tjcom\.vscode\extensions\redhat.java-1.56.0-win32-x64\jre\21.0.12.1-win32-x86_64\bin\zip.dll
Event: 2.106 Attempting to load shared library C:\Users\tjcom\.vscode\extensions\redhat.java-1.56.0-win32-x64\jre\21.0.12.1-win32-x86_64\bin\jimage.dll
Event: 2.231 Loaded shared library C:\Users\tjcom\.vscode\extensions\redhat.java-1.56.0-win32-x64\jre\21.0.12.1-win32-x86_64\bin\jimage.dll
Event: 3.566 Attempting to load shared library c:\Users\tjcom\.vscode\extensions\redhat.java-1.56.0-win32-x64\jre\21.0.12.1-win32-x86_64\bin\verify.dll
Event: 3.567 Loaded shared library c:\Users\tjcom\.vscode\extensions\redhat.java-1.56.0-win32-x64\jre\21.0.12.1-win32-x86_64\bin\verify.dll
Event: 20.835 Attempting to load shared library C:\Users\tjcom\AppData\Roaming\Code\User\globalStorage\redhat.java\1.56.0\config_win\org.eclipse.equinox.launcher\org.eclipse.equinox.launcher.win32.win32.x86_64_1.3.100.v20260804-1928\eclipse_11924.dll
Event: 20.842 Loaded shared library C:\Users\tjcom\AppData\Roaming\Code\User\globalStorage\redhat.java\1.56.0\config_win\org.eclipse.equinox.launcher\org.eclipse.equinox.launcher.win32.win32.x86_64_1.3.100.v20260804-1928\eclipse_11924.dll
Event: 35.861 Attempting to load shared library C:\Users\tjcom\AppData\Local\Temp\jna-110384971\jna16172040644186232959.dll
Event: 35.903 Loaded shared library C:\Users\tjcom\AppData\Local\Temp\jna-110384971\jna16172040644186232959.dll

Deoptimization events (20 events):
Event: 6830.426 Thread 0x0000024f9c09b3d0 Uncommon trap: trap_request=0xffffff45 fr.pc=0x0000024f3ba28d6c relative=0x000000000000022c
Event: 6830.435 Thread 0x0000024f9c09b3d0 Uncommon trap: reason=unstable_if action=reinterpret pc=0x0000024f3ba28d6c method=org.eclipse.jdt.internal.core.JavaElement.equals(Ljava/lang/Object;)Z @ 36 c2
Event: 6830.435 Thread 0x0000024f9c09b3d0 DEOPT PACKING pc=0x0000024f3ba28d6c sp=0x0000005e339fd920
Event: 6830.436 Thread 0x0000024f9c09b3d0 DEOPT UNPACKING pc=0x0000024f3aec3a9c sp=0x0000005e339fd8b8 mode 2
Event: 6837.533 Thread 0x0000024f9e3e5d20 Uncommon trap: trap_request=0xffffffbe fr.pc=0x0000024f3b4d5420 relative=0x0000000000000100
Event: 6837.534 Thread 0x0000024f9e3e5d20 Uncommon trap: reason=profile_predicate action=maybe_recompile pc=0x0000024f3b4d5420 method=org.eclipse.jdt.core.compiler.CharOperation.splitAndTrimOn(C[C)[[C @ 175 c2
Event: 6837.534 Thread 0x0000024f9e3e5d20 DEOPT PACKING pc=0x0000024f3b4d5420 sp=0x0000005e32efef50
Event: 6837.535 Thread 0x0000024f9e3e5d20 DEOPT UNPACKING pc=0x0000024f3aec3a9c sp=0x0000005e32efeeb8 mode 2
Event: 6837.535 Thread 0x0000024f9e3e5d20 Uncommon trap: trap_request=0xffffffbe fr.pc=0x0000024f3b4d5420 relative=0x0000000000000100
Event: 6837.535 Thread 0x0000024f9e3e5d20 Uncommon trap: reason=profile_predicate action=maybe_recompile pc=0x0000024f3b4d5420 method=org.eclipse.jdt.core.compiler.CharOperation.splitAndTrimOn(C[C)[[C @ 175 c2
Event: 6837.535 Thread 0x0000024f9e3e5d20 DEOPT PACKING pc=0x0000024f3b4d5420 sp=0x0000005e32efef50
Event: 6837.535 Thread 0x0000024f9e3e5d20 DEOPT UNPACKING pc=0x0000024f3aec3a9c sp=0x0000005e32efeeb8 mode 2
Event: 6837.542 Thread 0x0000024f9e3e5d20 Uncommon trap: trap_request=0xffffffbe fr.pc=0x0000024f3b4d5420 relative=0x0000000000000100
Event: 6837.542 Thread 0x0000024f9e3e5d20 Uncommon trap: reason=profile_predicate action=maybe_recompile pc=0x0000024f3b4d5420 method=org.eclipse.jdt.core.compiler.CharOperation.splitAndTrimOn(C[C)[[C @ 175 c2
Event: 6837.542 Thread 0x0000024f9e3e5d20 DEOPT PACKING pc=0x0000024f3b4d5420 sp=0x0000005e32efedc0
Event: 6837.542 Thread 0x0000024f9e3e5d20 DEOPT UNPACKING pc=0x0000024f3aec3a9c sp=0x0000005e32efed28 mode 2
Event: 6837.542 Thread 0x0000024f9e3e5d20 Uncommon trap: trap_request=0xffffffbe fr.pc=0x0000024f3b4d5420 relative=0x0000000000000100
Event: 6837.542 Thread 0x0000024f9e3e5d20 Uncommon trap: reason=profile_predicate action=maybe_recompile pc=0x0000024f3b4d5420 method=org.eclipse.jdt.core.compiler.CharOperation.splitAndTrimOn(C[C)[[C @ 175 c2
Event: 6837.542 Thread 0x0000024f9e3e5d20 DEOPT PACKING pc=0x0000024f3b4d5420 sp=0x0000005e32efedc0
Event: 6837.542 Thread 0x0000024f9e3e5d20 DEOPT UNPACKING pc=0x0000024f3aec3a9c sp=0x0000005e32efed28 mode 2

Classes loaded (20 events):
Event: 873.590 Loading class java/io/ObjectOutputStream$BlockDataOutputStream
Event: 873.594 Loading class java/io/ObjectOutputStream$BlockDataOutputStream done
Event: 873.595 Loading class java/io/ObjectOutputStream$HandleTable
Event: 873.597 Loading class java/io/ObjectOutputStream$HandleTable done
Event: 873.597 Loading class java/io/ObjectOutputStream$ReplaceTable
Event: 873.597 Loading class java/io/ObjectOutputStream$ReplaceTable done
Event: 1678.902 Loading class java/util/stream/ReferencePipeline$4
Event: 1678.909 Loading class java/util/stream/ReferencePipeline$4 done
Event: 1678.911 Loading class java/util/stream/Nodes$IntFixedNodeBuilder
Event: 1678.919 Loading class java/util/stream/Node$Builder$OfInt
Event: 1678.924 Loading class java/util/stream/Node$Builder$OfInt done
Event: 1678.924 Loading class java/util/stream/Nodes$IntArrayNode
Event: 1678.932 Loading class java/util/stream/Nodes$IntArrayNode done
Event: 1678.932 Loading class java/util/stream/Nodes$IntFixedNodeBuilder done
Event: 1678.934 Loading class java/util/stream/ReferencePipeline$4$1
Event: 1678.937 Loading class java/util/stream/ReferencePipeline$4$1 done
Event: 1685.472 Loading class java/lang/StackStreamFactory$CallerClassFinder
Event: 1685.472 Loading class java/lang/StackStreamFactory$CallerClassFinder done
Event: 1685.472 Loading class java/lang/StackStreamFactory$CallerClassFinder$ClassBuffer
Event: 1685.613 Loading class java/lang/StackStreamFactory$CallerClassFinder$ClassBuffer done

Classes unloaded (20 events):
Event: 6839.704 Thread 0x0000024f3027dad0 Unloading class 0x0000024f5728f400 'jdk/internal/reflect/GeneratedSerializationConstructorAccessor66'
Event: 6839.704 Thread 0x0000024f3027dad0 Unloading class 0x0000024f571a8800 'jdk/internal/reflect/GeneratedSerializationConstructorAccessor65'
Event: 6839.704 Thread 0x0000024f3027dad0 Unloading class 0x0000024f5728e800 'jdk/internal/reflect/GeneratedSerializationConstructorAccessor64'
Event: 6839.704 Thread 0x0000024f3027dad0 Unloading class 0x0000024f5728dc00 'jdk/internal/reflect/GeneratedSerializationConstructorAccessor63'
Event: 6839.704 Thread 0x0000024f3027dad0 Unloading class 0x0000024f5728cc00 'jdk/internal/reflect/GeneratedSerializationConstructorAccessor62'
Event: 6839.704 Thread 0x0000024f3027dad0 Unloading class 0x0000024f5728c400 'jdk/internal/reflect/GeneratedSerializationConstructorAccessor61'
Event: 6839.704 Thread 0x0000024f3027dad0 Unloading class 0x0000024f57288400 'java/lang/invoke/LambdaForm$MH+0x0000024f57288400'
Event: 6839.704 Thread 0x0000024f3027dad0 Unloading class 0x0000024f57258c00 'java/lang/invoke/LambdaForm$MH+0x0000024f57258c00'
Event: 6839.704 Thread 0x0000024f3027dad0 Unloading class 0x0000024f57258000 'java/lang/invoke/LambdaForm$MH+0x0000024f57258000'
Event: 6839.704 Thread 0x0000024f3027dad0 Unloading class 0x0000024f57252800 'java/lang/invoke/LambdaForm$MH+0x0000024f57252800'
Event: 6839.704 Thread 0x0000024f3027dad0 Unloading class 0x0000024f57234000 'java/lang/invoke/LambdaForm$MH+0x0000024f57234000'
Event: 6839.704 Thread 0x0000024f3027dad0 Unloading class 0x0000024f57232400 'java/lang/invoke/LambdaForm$MH+0x0000024f57232400'
Event: 6839.704 Thread 0x0000024f3027dad0 Unloading class 0x0000024f57219800 'java/lang/invoke/LambdaForm$MH+0x0000024f57219800'
Event: 6839.705 Thread 0x0000024f3027dad0 Unloading class 0x0000024f57218400 'java/lang/invoke/LambdaForm$MH+0x0000024f57218400'
Event: 6839.705 Thread 0x0000024f3027dad0 Unloading class 0x0000024f57210800 'java/lang/invoke/LambdaForm$MH+0x0000024f57210800'
Event: 6839.705 Thread 0x0000024f3027dad0 Unloading class 0x0000024f57202400 'java/lang/invoke/LambdaForm$MH+0x0000024f57202400'
Event: 6839.705 Thread 0x0000024f3027dad0 Unloading class 0x0000024f57201800 'java/lang/invoke/LambdaForm$MH+0x0000024f57201800'
Event: 6839.705 Thread 0x0000024f3027dad0 Unloading class 0x0000024f5701dc00 'java/lang/invoke/LambdaForm$MH+0x0000024f5701dc00'
Event: 6839.705 Thread 0x0000024f3027dad0 Unloading class 0x0000024f5701d400 'java/lang/invoke/LambdaForm$BMH+0x0000024f5701d400'
Event: 6839.705 Thread 0x0000024f3027dad0 Unloading class 0x0000024f57014800 'java/lang/invoke/LambdaForm$MH+0x0000024f57014800'

Classes redefined (0 events):
No events

Internal exceptions (20 events):
Event: 2421.345 Thread 0x0000024f9e3e7760 Exception <a 'sun/nio/fs/WindowsException'{0x0000000755612718}> (0x0000000755612718) 
thrown [s\src\hotspot\share\prims\jni.cpp, line 520]
Event: 2421.349 Thread 0x0000024f9e3e7760 Exception <a 'sun/nio/fs/WindowsException'{0x0000000755613698}> (0x0000000755613698) 
thrown [s\src\hotspot\share\prims\jni.cpp, line 520]
Event: 2426.100 Thread 0x0000024f9e3e63b0 Exception <a 'sun/nio/fs/WindowsException'{0x0000000755659d28}> (0x0000000755659d28) 
thrown [s\src\hotspot\share\prims\jni.cpp, line 520]
Event: 2426.100 Thread 0x0000024f9e3e63b0 Exception <a 'sun/nio/fs/WindowsException'{0x000000075565a378}> (0x000000075565a378) 
thrown [s\src\hotspot\share\prims\jni.cpp, line 520]
Event: 2695.255 Thread 0x0000024f9b5eb3d0 Exception <a 'sun/nio/fs/WindowsException'{0x00000007556ec720}> (0x00000007556ec720) 
thrown [s\src\hotspot\share\prims\jni.cpp, line 520]
Event: 2695.256 Thread 0x0000024f9b5eb3d0 Exception <a 'sun/nio/fs/WindowsException'{0x00000007556ed288}> (0x00000007556ed288) 
thrown [s\src\hotspot\share\prims\jni.cpp, line 520]
Event: 2695.478 Thread 0x0000024f9b5eb3d0 Exception <a 'java/lang/NoSuchMethodError'{0x00000007558b0260}: static Lorg/eclipse/m2e/core/internal/lifecyclemapping/model/PluginExecutionMetadata;.<clinit>()V> (0x00000007558b0260) 
thrown [s\src\hotspot\share\prims\jni.cpp, line 1111]
Event: 2695.491 Thread 0x0000024f9b5eb3d0 Exception <a 'java/lang/NoSuchMethodError'{0x00000007558d9590}: static Lorg/eclipse/m2e/core/internal/lifecyclemapping/model/PluginExecutionFilter;.<clinit>()V> (0x00000007558d9590) 
thrown [s\src\hotspot\share\prims\jni.cpp, line 1111]
Event: 2695.512 Thread 0x0000024f9b5eb3d0 Exception <a 'java/lang/NoSuchMethodError'{0x00000007558f1ef0}: static Lorg/eclipse/m2e/core/internal/project/registry/MavenProjectFacade$MavenProjectConfiguration;.<clinit>()V> (0x00000007558f1ef0) 
thrown [s\src\hotspot\share\prims\jni.cpp, line 1111]
Event: 2695.543 Thread 0x0000024f9b5eb3d0 Exception <a 'java/lang/NoSuchMethodError'{0x000000075558fbe8}: static [J.<clinit>()V> (0x000000075558fbe8) 
thrown [s\src\hotspot\share\prims\jni.cpp, line 1111]
Event: 5613.028 Thread 0x0000024f9c09b3d0 Exception <a 'java/lang/IncompatibleClassChangeError'{0x0000000755717ac8}: Found class java.lang.Object, but interface was expected> (0x0000000755717ac8) 
thrown [s\src\hotspot\share\interpreter\linkResolver.cpp, line 840]
Event: 5852.033 Thread 0x0000024f9b5ead40 Exception <a 'java/io/FileNotFoundException'{0x0000000755580108}> (0x0000000755580108) 
thrown [s\src\hotspot\share\prims\jni.cpp, line 520]
Event: 5855.998 Thread 0x0000024f9b5ead40 Exception <a 'java/io/FileNotFoundException'{0x00000007556ead60}> (0x00000007556ead60) 
thrown [s\src\hotspot\share\prims\jni.cpp, line 520]
Event: 5870.664 Thread 0x0000024f9b5ead40 Exception <a 'java/io/FileNotFoundException'{0x0000000755836be0}> (0x0000000755836be0) 
thrown [s\src\hotspot\share\prims\jni.cpp, line 520]
Event: 5870.673 Thread 0x0000024f9b5ead40 Exception <a 'java/io/FileNotFoundException'{0x00000007558641e0}> (0x00000007558641e0) 
thrown [s\src\hotspot\share\prims\jni.cpp, line 520]
Event: 6157.775 Thread 0x0000024f9e3e2f30 Exception <a 'sun/nio/fs/WindowsException'{0x00000007556c4540}> (0x00000007556c4540) 
thrown [s\src\hotspot\share\prims\jni.cpp, line 520]
Event: 6157.776 Thread 0x0000024f9e3e2f30 Exception <a 'sun/nio/fs/WindowsException'{0x00000007556c50d8}> (0x00000007556c50d8) 
thrown [s\src\hotspot\share\prims\jni.cpp, line 520]
Event: 6840.550 Thread 0x0000024f9b5ead40 Exception <a 'java/lang/OutOfMemoryError'{0x00000006000a25b8}> (0x00000006000a25b8) 
thrown [s\src\hotspot\share\gc\shared\memAllocator.cpp, line 136]
Event: 6843.102 Thread 0x0000024f9b5ead40 Exception <a 'java/io/FileNotFoundException'{0x000000075566bab0}> (0x000000075566bab0) 
thrown [s\src\hotspot\share\prims\jni.cpp, line 520]
Event: 6843.106 Thread 0x0000024f9b5ead40 Exception <a 'java/io/FileNotFoundException'{0x00000007556850b0}> (0x00000007556850b0) 
thrown [s\src\hotspot\share\prims\jni.cpp, line 520]

ZGC Phase Switch (0 events):
No events

VM Operations (20 events):
Event: 6835.504 Executing safepoint VM operation: ParallelGCFailedAllocation (Allocation Failure)
Event: 6835.536 Executing safepoint VM operation: ParallelGCFailedAllocation (Allocation Failure) done
Event: 6837.301 Executing safepoint VM operation: ParallelGCFailedAllocation (Allocation Failure)
Event: 6837.519 Executing safepoint VM operation: ParallelGCFailedAllocation (Allocation Failure) done
Event: 6837.556 Executing safepoint VM operation: ParallelGCFailedAllocation (Allocation Failure)
Event: 6837.623 Executing safepoint VM operation: ParallelGCFailedAllocation (Allocation Failure) done
Event: 6838.586 Executing safepoint VM operation: ParallelGCFailedAllocation (Allocation Failure)
Event: 6840.550 Executing safepoint VM operation: ParallelGCFailedAllocation (Allocation Failure) done
Event: 6841.565 Executing safepoint VM operation: Cleanup
Event: 6843.094 Executing safepoint VM operation: Cleanup done
Event: 6844.094 Executing safepoint VM operation: Cleanup
Event: 6844.094 Executing safepoint VM operation: Cleanup done
Event: 6848.126 Executing safepoint VM operation: Cleanup
Event: 6848.127 Executing safepoint VM operation: Cleanup done
Event: 6884.506 Executing safepoint VM operation: Cleanup
Event: 6884.506 Executing safepoint VM operation: Cleanup done
Event: 6893.077 Executing non-safepoint VM operation: HandshakeAllThreads (HandshakeForDeflation)
Event: 6893.077 Executing non-safepoint VM operation: HandshakeAllThreads (HandshakeForDeflation) done
Event: 6893.077 Executing non-safepoint VM operation: RendezvousGCThreads
Event: 6893.077 Executing non-safepoint VM operation: RendezvousGCThreads done

Memory protections (0 events):
No events

Nmethod flushes (20 events):
Event: 6839.829 Thread 0x0000024f3027dad0 flushing  nmethod 0x0000024f354ef290
Event: 6839.829 Thread 0x0000024f3027dad0 flushing  nmethod 0x0000024f354f4590
Event: 6839.829 Thread 0x0000024f3027dad0 flushing  nmethod 0x0000024f354f5390
Event: 6839.829 Thread 0x0000024f3027dad0 flushing  nmethod 0x0000024f354f6e10
Event: 6839.829 Thread 0x0000024f3027dad0 flushing  nmethod 0x0000024f354fda90
Event: 6839.829 Thread 0x0000024f3027dad0 flushing  nmethod 0x0000024f3550f290
Event: 6839.830 Thread 0x0000024f3027dad0 flushing  nmethod 0x0000024f3555d790
Event: 6839.830 Thread 0x0000024f3027dad0 flushing  nmethod 0x0000024f35576f90
Event: 6839.830 Thread 0x0000024f3027dad0 flushing  nmethod 0x0000024f355b2190
Event: 6839.830 Thread 0x0000024f3027dad0 flushing  nmethod 0x0000024f355f5790
Event: 6839.830 Thread 0x0000024f3027dad0 flushing  nmethod 0x0000024f355f5d90
Event: 6839.830 Thread 0x0000024f3027dad0 flushing  nmethod 0x0000024f355f6310
Event: 6839.830 Thread 0x0000024f3027dad0 flushing  nmethod 0x0000024f355f6c90
Event: 6839.830 Thread 0x0000024f3027dad0 flushing  nmethod 0x0000024f355f7910
Event: 6839.831 Thread 0x0000024f3027dad0 flushing  nmethod 0x0000024f35627910
Event: 6839.831 Thread 0x0000024f3027dad0 flushing  nmethod 0x0000024f35653790
Event: 6839.831 Thread 0x0000024f3027dad0 flushing  nmethod 0x0000024f3566ba90
Event: 6839.831 Thread 0x0000024f3027dad0 flushing  nmethod 0x0000024f3567c810
Event: 6839.831 Thread 0x0000024f3027dad0 flushing  nmethod 0x0000024f35693e90
Event: 6839.831 Thread 0x0000024f3027dad0 flushing  nmethod 0x0000024f35717a90

Events (20 events):
Event: 6176.486 Thread 0x0000024f9c09b3d0 Thread added: 0x0000024f9e3e70d0
Event: 6176.614 Thread 0x0000024f9e3e70d0 Thread exited: 0x0000024f9e3e70d0
Event: 6179.872 Thread 0x0000024f9c09b3d0 Thread added: 0x0000024f9e3e5000
Event: 6179.898 Thread 0x0000024f9e3e5000 Thread exited: 0x0000024f9e3e5000
Event: 6833.995 Thread 0x0000024f9c09b3d0 Thread added: 0x0000024f9e3e5000
Event: 6834.108 Thread 0x0000024f9c09b3d0 Thread added: 0x0000024f9e3e7760
Event: 6834.239 Thread 0x0000024f9e3e63b0 Thread added: 0x0000024f9e3e5d20
Event: 6835.179 Thread 0x0000024f9e3e7760 Thread exited: 0x0000024f9e3e7760
Event: 6835.253 Thread 0x0000024f9e3e5000 Thread exited: 0x0000024f9e3e5000
Event: 6837.520 Thread 0x0000024f9e3e5d20 Thread added: 0x0000024f9e3e70d0
Event: 6837.846 Thread 0x0000024f9e3e2f30 Thread added: 0x0000024f9e3e42e0
Event: 6864.449 Thread 0x0000024f9c09b3d0 Thread added: 0x0000024f9e3e7df0
Event: 6865.531 Thread 0x0000024f9e3e7df0 Thread exited: 0x0000024f9e3e7df0
Event: 6883.111 Thread 0x0000024f9c09b3d0 Thread added: 0x0000024f9e3e7760
Event: 6883.535 Thread 0x0000024f9e3e7760 Thread exited: 0x0000024f9e3e7760
Event: 6897.063 Thread 0x0000024f9c09b3d0 Thread added: 0x0000024f9e3e5000
Event: 6897.117 Thread 0x0000024f9e3e5000 Thread exited: 0x0000024f9e3e5000
Event: 6898.284 Thread 0x0000024f9e3e42e0 Thread exited: 0x0000024f9e3e42e0
Event: 6900.741 Thread 0x0000024f9e3e70d0 Thread exited: 0x0000024f9e3e70d0
Event: 6903.283 Thread 0x0000024f9e3e5d20 Thread exited: 0x0000024f9e3e5d20


Dynamic libraries:
0x00007ff642750000 - 0x00007ff64275e000 	c:\Users\tjcom\.vscode\extensions\redhat.java-1.56.0-win32-x64\jre\21.0.12.1-win32-x86_64\bin\java.exe
0x00007fff84200000 - 0x00007fff84467000 	C:\WINDOWS\SYSTEM32\ntdll.dll
0x00007fff82fb0000 - 0x00007fff8307b000 	C:\WINDOWS\System32\KERNEL32.DLL
0x00007fff81930000 - 0x00007fff81d32000 	C:\WINDOWS\System32\KERNELBASE.dll
0x00007fff81610000 - 0x00007fff8175c000 	C:\WINDOWS\System32\ucrtbase.dll
0x00007fff7dcc0000 - 0x00007fff7dcd8000 	c:\Users\tjcom\.vscode\extensions\redhat.java-1.56.0-win32-x64\jre\21.0.12.1-win32-x86_64\bin\jli.dll
0x00007fff83fe0000 - 0x00007fff841af000 	C:\WINDOWS\System32\USER32.dll
0x00007fff81770000 - 0x00007fff81797000 	C:\WINDOWS\System32\win32u.dll
0x00007fff82890000 - 0x00007fff828bb000 	C:\WINDOWS\System32\GDI32.dll
0x00007fff81df0000 - 0x00007fff81f19000 	C:\WINDOWS\System32\gdi32full.dll
0x00007fff81d40000 - 0x00007fff81de3000 	C:\WINDOWS\System32\msvcp_win.dll
0x00007fff7bef0000 - 0x00007fff7bf0e000 	c:\Users\tjcom\.vscode\extensions\redhat.java-1.56.0-win32-x64\jre\21.0.12.1-win32-x86_64\bin\VCRUNTIME140.dll
0x00007fff675a0000 - 0x00007fff67830000 	C:\WINDOWS\WinSxS\amd64_microsoft.windows.common-controls_6595b64144ccf1df_6.0.26100.9278_none_3e0d1ba8e3303201\COMCTL32.dll
0x00007fff82250000 - 0x00007fff822f9000 	C:\WINDOWS\System32\msvcrt.dll
0x00007fff820b0000 - 0x00007fff820e1000 	C:\WINDOWS\System32\IMM32.DLL
0x00007fff77680000 - 0x00007fff7768c000 	c:\Users\tjcom\.vscode\extensions\redhat.java-1.56.0-win32-x64\jre\21.0.12.1-win32-x86_64\bin\vcruntime140_1.dll
0x00007fff74000000 - 0x00007fff7408d000 	c:\Users\tjcom\.vscode\extensions\redhat.java-1.56.0-win32-x64\jre\21.0.12.1-win32-x86_64\bin\msvcp140.dll
0x00007fff0d080000 - 0x00007fff0de22000 	c:\Users\tjcom\.vscode\extensions\redhat.java-1.56.0-win32-x64\jre\21.0.12.1-win32-x86_64\bin\server\jvm.dll
0x00007fff82180000 - 0x00007fff8223c000 	C:\WINDOWS\System32\ADVAPI32.dll
0x00007fff81fe0000 - 0x00007fff82089000 	C:\WINDOWS\System32\sechost.dll
0x00007fff82960000 - 0x00007fff82a78000 	C:\WINDOWS\System32\RPCRT4.dll
0x00007fff820f0000 - 0x00007fff82170000 	C:\WINDOWS\System32\WS2_32.dll
0x00007fff81260000 - 0x00007fff812be000 	C:\WINDOWS\SYSTEM32\POWRPROF.dll
0x00007fff5e4f0000 - 0x00007fff5e526000 	C:\WINDOWS\SYSTEM32\WINMM.dll
0x00007fff78e40000 - 0x00007fff78e4b000 	C:\WINDOWS\SYSTEM32\VERSION.dll
0x00007fff81240000 - 0x00007fff81255000 	C:\WINDOWS\SYSTEM32\UMPDC.dll
0x00007fff800d0000 - 0x00007fff800eb000 	C:\WINDOWS\SYSTEM32\kernel.appcore.dll
0x00007fff75080000 - 0x00007fff7508a000 	c:\Users\tjcom\.vscode\extensions\redhat.java-1.56.0-win32-x64\jre\21.0.12.1-win32-x86_64\bin\jimage.dll
0x00007fff7e920000 - 0x00007fff7eb6c000 	C:\WINDOWS\SYSTEM32\DBGHELP.DLL
0x00007fff82c20000 - 0x00007fff82fa5000 	C:\WINDOWS\System32\combase.dll
0x00007fff82af0000 - 0x00007fff82bc9000 	C:\WINDOWS\System32\OLEAUT32.dll
0x00007fff68ea0000 - 0x00007fff68edb000 	C:\WINDOWS\SYSTEM32\dbgcore.DLL
0x00007fff81400000 - 0x00007fff814ac000 	C:\WINDOWS\System32\bcryptPrimitives.dll
0x00007fff74fd0000 - 0x00007fff74fdf000 	c:\Users\tjcom\.vscode\extensions\redhat.java-1.56.0-win32-x64\jre\21.0.12.1-win32-x86_64\bin\instrument.dll
0x00007fff74fb0000 - 0x00007fff74fd0000 	c:\Users\tjcom\.vscode\extensions\redhat.java-1.56.0-win32-x64\jre\21.0.12.1-win32-x86_64\bin\java.dll
0x00007fff83080000 - 0x00007fff83818000 	C:\WINDOWS\System32\SHELL32.dll
0x00007fff7eea0000 - 0x00007fff7f74e000 	C:\WINDOWS\SYSTEM32\windows.storage.dll
0x00007fff82300000 - 0x00007fff823fb000 	C:\WINDOWS\System32\SHCORE.dll
0x00007fff82a80000 - 0x00007fff82ae6000 	C:\WINDOWS\System32\shlwapi.dll
0x00007fff81320000 - 0x00007fff81349000 	C:\WINDOWS\SYSTEM32\profapi.dll
0x00007fff747f0000 - 0x00007fff74808000 	c:\Users\tjcom\.vscode\extensions\redhat.java-1.56.0-win32-x64\jre\21.0.12.1-win32-x86_64\bin\zip.dll
0x00007fff74f10000 - 0x00007fff74f20000 	C:\Users\tjcom\.vscode\extensions\redhat.java-1.56.0-win32-x64\jre\21.0.12.1-win32-x86_64\bin\net.dll
0x00007fff762e0000 - 0x00007fff7640a000 	C:\WINDOWS\SYSTEM32\WINHTTP.dll
0x00007fff80690000 - 0x00007fff806fc000 	C:\WINDOWS\system32\mswsock.dll
0x00007fff73f20000 - 0x00007fff73f36000 	C:\Users\tjcom\.vscode\extensions\redhat.java-1.56.0-win32-x64\jre\21.0.12.1-win32-x86_64\bin\nio.dll
0x00007fff7ddb0000 - 0x00007fff7ddc0000 	c:\Users\tjcom\.vscode\extensions\redhat.java-1.56.0-win32-x64\jre\21.0.12.1-win32-x86_64\bin\verify.dll
0x00007fff6d390000 - 0x00007fff6d3d5000 	C:\Users\tjcom\AppData\Roaming\Code\User\globalStorage\redhat.java\1.56.0\config_win\org.eclipse.equinox.launcher\org.eclipse.equinox.launcher.win32.win32.x86_64_1.3.100.v20260804-1928\eclipse_11924.dll
0x00007fff83b50000 - 0x00007fff83cea000 	C:\WINDOWS\System32\ole32.dll
0x00007fff809a0000 - 0x00007fff809bb000 	C:\WINDOWS\SYSTEM32\CRYPTSP.dll
0x00007fff80030000 - 0x00007fff80069000 	C:\WINDOWS\system32\rsaenh.dll
0x00007fff80740000 - 0x00007fff80774000 	C:\WINDOWS\SYSTEM32\USERENV.dll
0x00007fff812f0000 - 0x00007fff8131a000 	C:\WINDOWS\SYSTEM32\bcrypt.dll
0x00007fff80980000 - 0x00007fff8098c000 	C:\WINDOWS\SYSTEM32\CRYPTBASE.dll
0x00007fff7fb50000 - 0x00007fff7fb83000 	C:\WINDOWS\SYSTEM32\IPHLPAPI.DLL
0x00007fff83fc0000 - 0x00007fff83fca000 	C:\WINDOWS\System32\NSI.dll
0x00007fff58b20000 - 0x00007fff58b69000 	C:\Users\tjcom\AppData\Local\Temp\jna-110384971\jna16172040644186232959.dll
0x00007fff83fd0000 - 0x00007fff83fd8000 	C:\WINDOWS\System32\PSAPI.DLL
0x00007fff762b0000 - 0x00007fff762cd000 	C:\WINDOWS\SYSTEM32\dhcpcsvc6.DLL
0x00007fff76280000 - 0x00007fff762a5000 	C:\WINDOWS\SYSTEM32\dhcpcsvc.DLL

JVMTI agents:
c:\Users\tjcom\.vscode\extensions\redhat.java-1.56.0-win32-x64\lombok\lombok-1.18.39-4050.jar path:c:\Users\tjcom\.vscode\extensions\redhat.java-1.56.0-win32-x64\jre\21.0.12.1-win32-x86_64\bin\instrument.dll, loaded, initialized, instrumentlib options:none

dbghelp: loaded successfully - version: 4.0.5 - missing functions: none
symbol engine: initialized successfully - sym options: 0x614 - pdb path: .;c:\Users\tjcom\.vscode\extensions\redhat.java-1.56.0-win32-x64\jre\21.0.12.1-win32-x86_64\bin;C:\WINDOWS\SYSTEM32;C:\WINDOWS\WinSxS\amd64_microsoft.windows.common-controls_6595b64144ccf1df_6.0.26100.9278_none_3e0d1ba8e3303201;c:\Users\tjcom\.vscode\extensions\redhat.java-1.56.0-win32-x64\jre\21.0.12.1-win32-x86_64\bin\server;C:\Users\tjcom\AppData\Roaming\Code\User\globalStorage\redhat.java\1.56.0\config_win\org.eclipse.equinox.launcher\org.eclipse.equinox.launcher.win32.win32.x86_64_1.3.100.v20260804-1928;C:\Users\tjcom\AppData\Local\Temp\jna-110384971

VM Arguments:
jvm_args: --add-modules=ALL-SYSTEM --add-opens=java.base/java.util=ALL-UNNAMED --add-opens=java.base/java.lang=ALL-UNNAMED --add-opens=java.base/sun.nio.fs=ALL-UNNAMED -Declipse.application=org.eclipse.jdt.ls.core.id1 -Dosgi.bundles.defaultStartLevel=4 -Declipse.product=org.eclipse.jdt.ls.core.product -Djava.import.generatesMetadataFilesAtProjectRoot=false -Dm2e.project.cache.size=50 -DDetectVMInstallationsJob.disabled=true -Dfile.encoding=utf8 -XX:+UseParallelGC -XX:GCTimeRatio=4 -XX:AdaptiveSizePolicyWeight=90 -Dsun.zip.disableMemoryMapping=true -Xmx8G -Xms100m -Xlog:disable -javaagent:c:\Users\tjcom\.vscode\extensions\redhat.java-1.56.0-win32-x64\lombok\lombok-1.18.39-4050.jar -XX:+HeapDumpOnOutOfMemoryError -XX:HeapDumpPath=c:\Users\tjcom\AppData\Roaming\Code\User\workspaceStorage\32276870e593bfca8e1df767c3839aa5\redhat.java -Daether.dependencyCollector.impl=bf 
java_command: c:\Users\tjcom\.vscode\extensions\redhat.java-1.56.0-win32-x64\server\plugins\org.eclipse.equinox.launcher_1.8.0.v20260804-1928.jar -configuration c:\Users\tjcom\AppData\Roaming\Code\User\globalStorage\redhat.java\1.56.0\config_win -data c:\Users\tjcom\AppData\Roaming\Code\User\workspaceStorage\32276870e593bfca8e1df767c3839aa5\redhat.java\jdt_ws --pipe=\\.\pipe\lsp-0c10c7e522c30187aeefd85eab9e1adf-sock
java_class_path (initial): c:\Users\tjcom\.vscode\extensions\redhat.java-1.56.0-win32-x64\server\plugins\org.eclipse.equinox.launcher_1.8.0.v20260804-1928.jar
Launcher Type: SUN_STANDARD

[Global flags]
    uintx AdaptiveSizePolicyWeight                 = 90                                        {product} {command line}
     intx CICompilerCount                          = 2                                         {product} {ergonomic}
    uintx GCTimeRatio                              = 4                                         {product} {command line}
     bool HeapDumpOnOutOfMemoryError               = true                                   {manageable} {command line}
    ccstr HeapDumpPath                             = c:\Users\tjcom\AppData\Roaming\Code\User\workspaceStorage\32276870e593bfca8e1df767c3839aa5\redhat.java         {manageable} {command line}
   size_t InitialHeapSize                          = 104857600                                 {product} {command line}
   size_t MaxHeapSize                              = 8589934592                                {product} {command line}
   size_t MaxNewSize                               = 2863136768                                {product} {ergonomic}
   size_t MinHeapDeltaBytes                        = 524288                                    {product} {ergonomic}
   size_t MinHeapSize                              = 104857600                                 {product} {command line}
   size_t NewSize                                  = 34603008                                  {product} {ergonomic}
    uintx NonNMethodCodeHeapSize                   = 5826188                                {pd product} {ergonomic}
    uintx NonProfiledCodeHeapSize                  = 122916026                              {pd product} {ergonomic}
   size_t OldSize                                  = 70254592                                  {product} {ergonomic}
    uintx ProfiledCodeHeapSize                     = 122916026                              {pd product} {ergonomic}
    uintx ReservedCodeCacheSize                    = 251658240                              {pd product} {ergonomic}
     bool SegmentedCodeCache                       = true                                      {product} {ergonomic}
   size_t SoftMaxHeapSize                          = 8589934592                             {manageable} {ergonomic}
     bool UseCompressedOops                        = true                           {product lp64_product} {ergonomic}
     bool UseLargePagesIndividualAllocation        = false                                  {pd product} {ergonomic}
     bool UseParallelGC                            = true                                      {product} {command line}

Logging:
Log output configuration:
 #0: stdout all=off uptime,level,tags foldmultilines=false
 #1: stderr all=off uptime,level,tags foldmultilines=false

Release file:
JAVA_VERSION="21.0.12.1" 
MODULES="java.base java.compiler java.datatransfer java.xml java.prefs java.desktop java.instrument java.logging java.management java.security.sasl java.naming java.rmi java.management.rmi java.net.http java.scripting java.security.jgss java.transaction.xa java.sql java.sql.rowset java.xml.crypto java.se java.smartcardio jdk.accessibility jdk.internal.jvmstat jdk.attach jdk.charsets jdk.internal.opt jdk.zipfs jdk.compiler jdk.crypto.ec jdk.crypto.cryptoki jdk.crypto.mscapi jdk.dynalink jdk.internal.ed jdk.editpad jdk.hotspot.agent jdk.httpserver jdk.internal.le jdk.internal.vm.ci jdk.internal.vm.compiler jdk.internal.vm.compiler.management jdk.jartool jdk.javadoc jdk.jcmd jdk.management jdk.management.agent jdk.jconsole jdk.jdeps jdk.jdwp.agent jdk.jdi jdk.jfr jdk.jshell jdk.jsobject jdk.jstatd jdk.localedata jdk.management.jfr jdk.naming.dns jdk.naming.rmi jdk.net jdk.nio.mapmode jdk.random jdk.sctp jdk.security.auth jdk.security.jgss jdk.unsupported jdk.unsupported.desktop jdk.xml.dom" 

Environment Variables:
JAVA_HOME=C:\Program Files\Java\jdk-21.0.12
PATH=C:\Program Files\Common Files\Oracle\Java\javapath;C:\WINDOWS\system32;C:\WINDOWS;C:\WINDOWS\System32\Wbem;C:\WINDOWS\System32\WindowsPowerShell\v1.0\;C:\WINDOWS\System32\OpenSSH\;%JAVA_HOME%\bin;%MAVEN_HOME%\bin;%GRADLE_HOME%\bin;C:\Program Files\Git\cmd;C:\Users\tjcom\AppData\Local\Microsoft\WindowsApps;C:\Users\tjcom\AppData\Local\Programs\Microsoft VS Code\bin;C:\Users\tjcom\AppData\Local\Programs\IBM Bob\bin;C:\Program Files (x86)\Nmap
USERNAME=tjcom
OS=Windows_NT
PROCESSOR_IDENTIFIER=Intel64 Family 6 Model 122 Stepping 8, GenuineIntel
TMP=C:\Users\tjcom\AppData\Local\Temp
TEMP=C:\Users\tjcom\AppData\Local\Temp




Periodic native trim disabled

---------------  S Y S T E M  ---------------

OS:
 Windows 11 , 64 bit Build 26100 (10.0.26100.9444)
OS uptime: 14 days 22:17 hours

CPU: total 2 (initial active 2) (2 cores per cpu, 1 threads per core) family 6 model 122 stepping 8 microcode 0x1c, cx8, cmov, fxsr, mmx, 3dnowpref, sse, sse2, sse3, ssse3, sse4.1, sse4.2, popcnt, tsc, tscinvbit, aes, erms, clmul, sha, clflush, clflushopt, rdtscp, rdpid
Processor Information for the first 2 processors :
  Max Mhz: 1101, Current Mhz: 1101, Mhz Limit: 1101

Memory: 4k page, system-wide physical 3918M (87M free)
TotalPageFile size 15694M (AvailPageFile size 62M)
current process WorkingSet (physical memory assigned to process): 46M, peak: 306M
current process commit charge ("private bytes"): 689M, peak: 5957M

vm_info: OpenJDK 64-Bit Server VM (21.0.12.1+1-LTS) for windows-amd64 JRE (21.0.12.1+1-LTS), built on 2026-08-18T00:00:00Z by "admin" with MS VC++ 17.12 (VS2022)

END.
